test_acc: 0.4553734061930783 train_acc: 0.6096908190359477 test_score: 0.08074845192887799
epoch [1] train_loss: 0.001764 testing_loss: 0.003476 
test_acc: 0.4663023679417122 train_acc: 0.7611550245098039 test_score: 0.12529484600409488
epoch [2] train_loss: 0.000783 testing_loss: 0.003454 
test_acc: 0.5036429872495446 train_acc: 0.80124897875817 test_score: 0.13117610338379956
epoch [3] train_loss: 0.000606 testing_loss: 0.003413 
test_acc: 0.5136612021857924 train_acc: 0.8249035777505447 test_score: 0.1498256476412466
epoch [4] train_loss: 0.000515 testing_loss: 0.003412 
test_acc: 0.5163934426229508 train_acc: 0.8428476051879085 test_score: 0.18800669057625022
epoch [5] train_loss: 0.000453 testing_loss: 0.003409 
test_acc: 0.5036429872495446 train_acc: 0.862823563453159 test_score: 0.1773584126261814
epoch [6] train_loss: 0.000395 testing_loss: 0.003410 
test_acc: 0.4690346083788707 train_acc: 0.8753220741421569 test_score: 0.15203170283909573
epoch [7] train_loss: 0.000353 testing_loss: 0.003430 
test_acc: 0.49544626593806923 train_acc: 0.887800330201525 test_score: 0.14800500789603163
epoch [8] train_loss: 0.000318 testing_loss: 0.003405 
test_acc: 0.4790528233151184 train_acc: 0.8974231941040306 test_score: 0.16248534511263804
epoch [9] train_loss: 0.000291 testing_loss: 0.003410 
test_acc: 0.5145719489981785 train_acc: 0.9039023352396514 test_score: 0.19974728532461777
epoch [10] train_loss: 0.000270 testing_loss: 0.003390 
test_acc: 0.5027322404371585 train_acc: 0.9128311802151415 test_score: 0.2129085061815286
epoch [11] train_loss: 0.000243 testing_loss: 0.003389 
test_acc: 0.5136612021857924 train_acc: 0.9204753880718954 test_score: 0.22790267688064828
epoch [12] train_loss: 0.000223 testing_loss: 0.003384 
test_acc: 0.5063752276867031 train_acc: 0.9252981175108933 test_score: 0.18045352362103909
epoch [13] train_loss: 0.000209 testing_loss: 0.003391 
test_acc: 0.505464480874317 train_acc: 0.9303139042075164 test_score: 0.18731335319400702
epoch [14] train_loss: 0.000197 testing_loss: 0.003390 
test_acc: 0.5136612021857924 train_acc: 0.93675096166939 test_score: 0.20164057878201835
epoch [15] train_loss: 0.000178 testing_loss: 0.003380 
test_acc: 0.505464480874317 train_acc: 0.9394094669117646 test_score: 0.1997968617867275
epoch [16] train_loss: 0.000172 testing_loss: 0.003387 
test_acc: 0.4808743169398907 train_acc: 0.9418899356617646 test_score: 0.20758277439069198
epoch [17] train_loss: 0.000160 testing_loss: 0.003408 
test_acc: 0.470856102003643 train_acc: 0.9457653781998911 test_score: 0.21834411068935713
epoch [18] train_loss: 0.000153 testing_loss: 0.003415 
test_acc: 0.5027322404371585 train_acc: 0.9484412020016341 test_score: 0.19882089356395508
epoch [19] train_loss: 0.000144 testing_loss: 0.003382 
test_acc: 0.48816029143898 train_acc: 0.9513611026007625 test_score: 0.19333398118216072
epoch [20] train_loss: 0.000135 testing_loss: 0.003391 
test_acc: 0.48178506375227687 train_acc: 0.9551742068355119 test_score: 0.17948399872815057
epoch [21] train_loss: 0.000128 testing_loss: 0.003403 
test_acc: 0.4981785063752277 train_acc: 0.95512986791939 test_score: 0.19215047321583778
epoch [22] train_loss: 0.000123 testing_loss: 0.003388 
test_acc: 0.5036429872495446 train_acc: 0.9573842592592592 test_score: 0.18447079954513854
epoch [23] train_loss: 0.000120 testing_loss: 0.003389 
test_acc: 0.48269581056466304 train_acc: 0.9592397280092593 test_score: 0.19937671718729116
epoch [24] train_loss: 0.000114 testing_loss: 0.003392 
test_acc: 0.4899817850637523 train_acc: 0.9602440767973855 test_score: 0.16606250008899018
epoch [25] train_loss: 0.000109 testing_loss: 0.003393 
test_acc: 0.4790528233151184 train_acc: 0.9621078005855119 test_score: 0.19617997189606992
epoch [26] train_loss: 0.000108 testing_loss: 0.003396 
test_acc: 0.4972677595628415 train_acc: 0.9633172487745099 test_score: 0.2016760317893869
epoch [27] train_loss: 0.000104 testing_loss: 0.003389 
test_acc: 0.49635701275045535 train_acc: 0.964682181032135 test_score: 0.18627745890835268
epoch [28] train_loss: 0.000100 testing_loss: 0.003388 
test_acc: 0.4790528233151184 train_acc: 0.9651103792211329 test_score: 0.16767644678171084
epoch [29] train_loss: 0.000095 testing_loss: 0.003397 
test_acc: 0.46174863387978143 train_acc: 0.9664407594635077 test_score: 0.17768584044163396
epoch [30] train_loss: 0.000093 testing_loss: 0.003411 
test_acc: 0.5009107468123861 train_acc: 0.9671198427287581 test_score: 0.2002174807351691
epoch [31] train_loss: 0.000090 testing_loss: 0.003382 
test_acc: 0.47358834244080145 train_acc: 0.9682068270016341 test_score: 0.18008677299937056
epoch [32] train_loss: 0.000084 testing_loss: 0.003401 
test_acc: 0.48451730418943534 train_acc: 0.9680092592592593 test_score: 0.19591311409202167
epoch [33] train_loss: 0.000088 testing_loss: 0.003394 
test_acc: 0.5218579234972678 train_acc: 0.9715542024101308 test_score: 0.2073562514520431
epoch [34] train_loss: 0.000079 testing_loss: 0.003361 
test_acc: 0.5100182149362478 train_acc: 0.9723219209558823 test_score: 0.2016400556196618
epoch [35] train_loss: 0.000079 testing_loss: 0.003374 
test_acc: 0.5009107468123861 train_acc: 0.9716473481753813 test_score: 0.16817630765949726
epoch [36] train_loss: 0.000078 testing_loss: 0.003387 
test_acc: 0.5091074681238615 train_acc: 0.9730205354711329 test_score: 0.17156565413373143
epoch [37] train_loss: 0.000074 testing_loss: 0.003373 
test_acc: 0.5036429872495446 train_acc: 0.9737469362745098 test_score: 0.2017148055408385
epoch [38] train_loss: 0.000075 testing_loss: 0.003380 
test_acc: 0.4972677595628415 train_acc: 0.9745417177287581 test_score: 0.17990076019514442
epoch [39] train_loss: 0.000072 testing_loss: 0.003392 
test_acc: 0.48360655737704916 train_acc: 0.9746378846677559 test_score: 0.186603996637671
epoch [40] train_loss: 0.000069 testing_loss: 0.003397 
test_acc: 0.465391621129326 train_acc: 0.9758270356753813 test_score: 0.1796509970053217
epoch [41] train_loss: 0.000068 testing_loss: 0.003406 
test_acc: 0.4681238615664845 train_acc: 0.9753342439406317 test_score: 0.18025285422849127
epoch [42] train_loss: 0.000071 testing_loss: 0.003406 
test_acc: 0.4854280510018215 train_acc: 0.9763994417211329 test_score: 0.18413786784170633
epoch [43] train_loss: 0.000066 testing_loss: 0.003398 
test_acc: 0.46083788706739526 train_acc: 0.9767645356753814 test_score: 0.16281433272755297
epoch [44] train_loss: 0.000066 testing_loss: 0.003406 
test_acc: 0.48451730418943534 train_acc: 0.9754446657135076 test_score: 0.1546706304280211
epoch [45] train_loss: 0.000067 testing_loss: 0.003395 
test_acc: 0.4936247723132969 train_acc: 0.9771551606753813 test_score: 0.1880879551709253
epoch [46] train_loss: 0.000066 testing_loss: 0.003387 
test_acc: 0.45901639344262296 train_acc: 0.9790414368872549 test_score: 0.1806714799288216
epoch [47] train_loss: 0.000057 testing_loss: 0.003405 
test_acc: 0.4644808743169399 train_acc: 0.9800465516067538 test_score: 0.1710786134070205
epoch [48] train_loss: 0.000056 testing_loss: 0.003407 
test_acc: 0.49089253187613846 train_acc: 0.9802478639025054 test_score: 0.17246708882551529
epoch [49] train_loss: 0.000056 testing_loss: 0.003386 
test_acc: 0.4890710382513661 train_acc: 0.9803500306372548 test_score: 0.16499313074818894
epoch [50] train_loss: 0.000055 testing_loss: 0.003390 
test_acc: 0.49635701275045535 train_acc: 0.9795101868872549 test_score: 0.18195916819732091
epoch [51] train_loss: 0.000060 testing_loss: 0.003385 
test_acc: 0.49089253187613846 train_acc: 0.9803740723720044 test_score: 0.1828907312896884
epoch [52] train_loss: 0.000056 testing_loss: 0.003382 
test_acc: 0.47996357012750457 train_acc: 0.980184759667756 test_score: 0.15917268134695403
epoch [53] train_loss: 0.000055 testing_loss: 0.003395 
test_acc: 0.46265938069216755 train_acc: 0.9802410981753813 test_score: 0.16049576076723673
epoch [54] train_loss: 0.000054 testing_loss: 0.003401 
test_acc: 0.47540983606557374 train_acc: 0.9809772858796296 test_score: 0.180093999633282
epoch [55] train_loss: 0.000054 testing_loss: 0.003402 
test_acc: 0.4726775956284153 train_acc: 0.9814460358796296 test_score: 0.1614992325042772
